<title>Vdbench output/config.html</title><pre>
Output from script /root/vdbench/linux/config.sh: 

Mon Nov 14 11:50:55 AM EST 2022
>>>>>uname -a
Linux kali 5.18.0-kali7-amd64 #1 SMP PREEMPT_DYNAMIC Debian 5.18.16-1kali1 (2022-08-31) x86_64 GNU/Linux
Mon Nov 14 11:50:55 AM EST 2022
>>>>>ifconfig -a
eth0: flags=4163<UP,BROADCAST,RUNNING,MULTICAST>  mtu 1500
        inet 10.0.2.4  netmask 255.255.255.0  broadcast 10.0.2.255
        inet6 fe80::a00:27ff:fec8:36ac  prefixlen 64  scopeid 0x20<link>
        ether 08:00:27:c8:36:ac  txqueuelen 1000  (Ethernet)
        RX packets 1240  bytes 635466 (620.5 KiB)
        RX errors 0  dropped 0  overruns 0  frame 0
        TX packets 1197  bytes 160446 (156.6 KiB)
        TX errors 0  dropped 0 overruns 0  carrier 0  collisions 0

lo: flags=73<UP,LOOPBACK,RUNNING>  mtu 65536
        inet 127.0.0.1  netmask 255.0.0.0
        inet6 ::1  prefixlen 128  scopeid 0x10<host>
        loop  txqueuelen 1000  (Local Loopback)
        RX packets 3317  bytes 468369 (457.3 KiB)
        RX errors 0  dropped 0  overruns 0  frame 0
        TX packets 3317  bytes 468369 (457.3 KiB)
        TX errors 0  dropped 0 overruns 0  carrier 0  collisions 0

Mon Nov 14 11:50:55 AM EST 2022
>>>>>id
uid=0(root) gid=0(root) groups=0(root)
Mon Nov 14 11:50:55 AM EST 2022
>>>>>mount
sysfs on /sys type sysfs (rw,nosuid,nodev,noexec,relatime)
proc on /proc type proc (rw,nosuid,nodev,noexec,relatime)
udev on /dev type devtmpfs (rw,nosuid,relatime,size=978216k,nr_inodes=244554,mode=755,inode64)
devpts on /dev/pts type devpts (rw,nosuid,noexec,relatime,gid=5,mode=620,ptmxmode=000)
tmpfs on /run type tmpfs (rw,nosuid,nodev,noexec,relatime,size=202928k,mode=755,inode64)
/dev/sda1 on / type ext4 (rw,relatime,errors=remount-ro)
securityfs on /sys/kernel/security type securityfs (rw,nosuid,nodev,noexec,relatime)
tmpfs on /dev/shm type tmpfs (rw,nosuid,nodev,inode64)
tmpfs on /run/lock type tmpfs (rw,nosuid,nodev,noexec,relatime,size=5120k,inode64)
cgroup2 on /sys/fs/cgroup type cgroup2 (rw,nosuid,nodev,noexec,relatime,nsdelegate,memory_recursiveprot)
pstore on /sys/fs/pstore type pstore (rw,nosuid,nodev,noexec,relatime)
bpf on /sys/fs/bpf type bpf (rw,nosuid,nodev,noexec,relatime,mode=700)
systemd-1 on /proc/sys/fs/binfmt_misc type autofs (rw,relatime,fd=29,pgrp=1,timeout=0,minproto=5,maxproto=5,direct,pipe_ino=12802)
debugfs on /sys/kernel/debug type debugfs (rw,nosuid,nodev,noexec,relatime)
mqueue on /dev/mqueue type mqueue (rw,nosuid,nodev,noexec,relatime)
hugetlbfs on /dev/hugepages type hugetlbfs (rw,relatime,pagesize=2M)
tracefs on /sys/kernel/tracing type tracefs (rw,nosuid,nodev,noexec,relatime)
fusectl on /sys/fs/fuse/connections type fusectl (rw,nosuid,nodev,noexec,relatime)
configfs on /sys/kernel/config type configfs (rw,nosuid,nodev,noexec,relatime)
ramfs on /run/credentials/systemd-sysusers.service type ramfs (ro,nosuid,nodev,noexec,relatime,mode=700)
new-pool on /new-pool type zfs (rw,xattr,noacl)
binfmt_misc on /proc/sys/fs/binfmt_misc type binfmt_misc (rw,nosuid,nodev,noexec,relatime)
sunrpc on /run/rpc_pipefs type rpc_pipefs (rw,relatime)
tmpfs on /run/user/0 type tmpfs (rw,nosuid,nodev,relatime,size=202924k,nr_inodes=50731,mode=700,inode64)
gvfsd-fuse on /run/user/0/gvfs type fuse.gvfsd-fuse (rw,nosuid,nodev,relatime,user_id=0,group_id=0)
portal on /run/user/0/doc type fuse.portal (rw,nosuid,nodev,relatime,user_id=0,group_id=0)
/dev/sdc on /media/root/old-pool type ext4 (rw,nosuid,nodev,relatime,errors=remount-ro,uhelper=udisks2)
Shared on /mnt type vboxsf (rw,relatime)
Mon Nov 14 11:50:55 AM EST 2022
>>>>>memory
MemTotal:        2029256 kB
MemFree:          122940 kB
MemAvailable:     536772 kB
Buffers:            5384 kB
Cached:           552676 kB
SwapCached:       106440 kB
Active:           538116 kB
Inactive:         806780 kB
Active(anon):     235332 kB
Inactive(anon):   583040 kB
Active(file):     302784 kB
Inactive(file):   223740 kB
Unevictable:           0 kB
Mlocked:               0 kB
SwapTotal:        998396 kB
SwapFree:         542236 kB
Dirty:               296 kB
Writeback:             0 kB
AnonPages:        673824 kB
Mapped:           132096 kB
Shmem:             31552 kB
KReclaimable:      37540 kB
Slab:              82824 kB
SReclaimable:      37540 kB
SUnreclaim:        45284 kB
KernelStack:        9344 kB
PageTables:        16224 kB
NFS_Unstable:          0 kB
Bounce:                0 kB
WritebackTmp:          0 kB
CommitLimit:     2013024 kB
Committed_AS:    4193492 kB
VmallocTotal:   34359738367 kB
VmallocUsed:       72192 kB
VmallocChunk:          0 kB
Percpu:              796 kB
HardwareCorrupted:     0 kB
AnonHugePages:    292864 kB
ShmemHugePages:        0 kB
ShmemPmdMapped:        0 kB
FileHugePages:         0 kB
FilePmdMapped:         0 kB
HugePages_Total:       0
HugePages_Free:        0
HugePages_Rsvd:        0
HugePages_Surp:        0
Hugepagesize:       2048 kB
Hugetlb:               0 kB
DirectMap4k:      153536 kB
DirectMap2M:     1943552 kB
               total        used        free      shared  buff/cache   available
Mem:         2029256     1310540      122940       31552      595776      536904
Low:         2029256     1906316      122940
High:              0           0           0
Swap:         998396      456160      542236
Mon Nov 14 11:50:55 AM EST 2022
>>>>>ps -ef | grep -i vdb
root        3383    2181  0 11:50 pts/0    00:00:00 sudo ./vdbench -f workload2 anchor=/root/old-pool/
root        3384    3383  0 11:50 pts/1    00:00:00 sudo ./vdbench -f workload2 anchor=/root/old-pool/
root        3385    3384  0 11:50 pts/1    00:00:00 /bin/bash ./vdbench -f workload2 anchor=/root/old-pool/
root        3387    3385 64 11:50 pts/1    00:00:00 java -client -Xmx512m -Xms64m -cp ./:./classes:./vdbench.jar Vdb.Vdbmain -f workload2 anchor=/root/old-pool/
root        3407    3387  0 11:50 pts/1    00:00:00 /bin/bash /root/vdbench/vdbench SlaveJvm -m localhost -n localhost-10-221114-11.50.53.838 -l localhost-0 -p 5570
root        3411    3407 47 11:50 pts/1    00:00:00 java -client -Xmx1024m -Xms128m -cp /root/vdbench/:/root/vdbench/classes:/root/vdbench/vdbench.jar Vdb.SlaveJvm SlaveJvm -m localhost -n localhost-10-221114-11.50.53.838 -l localhost-0 -p 5570
root        3440    3387  0 11:50 pts/1    00:00:00 /bin/bash /root/vdbench/linux/config.sh -o /root/vdbench/output localhost
root        3456    3440  0 11:50 pts/1    00:00:00 grep -i vdb

